// Jest Snapshot v1, https://goo.gl/fbAQLP

exports[`UserMenu Component match snapshot 1`] = `[Function]`;
