// Jest Snapshot v1, https://goo.gl/fbAQLP

exports[`Portal Component match snapshot 1`] = `[Function]`;
