// Jest Snapshot v1, https://goo.gl/fbAQLP

exports[`DialogForm Component match snapshot 1`] = `<DocumentFragment />`;
