// Jest Snapshot v1, https://goo.gl/fbAQLP

exports[`TicketEditDialog Component match snapshot 1`] = `<DocumentFragment />`;
