// Jest Snapshot v1, https://goo.gl/fbAQLP

exports[`Loading Component match snapshot 1`] = `[Function]`;
