// Jest Snapshot v1, https://goo.gl/fbAQLP

exports[`Header Component match snapshot 1`] = `[Function]`;
