// Jest Snapshot v1, https://goo.gl/fbAQLP

exports[`PrivateRoute Component match snapshot 1`] = `[Function]`;
