// Jest Snapshot v1, https://goo.gl/fbAQLP

exports[`SprintSelector Component match snapshot 1`] = `
<DocumentFragment>
  <div
    class="MuiBox-root css-1axwh2v"
  >
    <svg
      aria-hidden="true"
      class="MuiSvgIcon-root MuiSvgIcon-fontSizeMedium css-1gcnoww-MuiSvgIcon-root"
      data-testid="GroupWorkOutlinedIcon"
      focusable="false"
      viewBox="0 0 24 24"
    >
      <path
        d="M12 2C6.48 2 2 6.48 2 12s4.48 10 10 10 10-4.48 10-10S17.52 2 12 2m0 18c-4.41 0-8-3.59-8-8s3.59-8 8-8 8 3.59 8 8-3.59 8-8 8"
      />
      <circle
        cx="8"
        cy="14"
        r="2"
      />
      <circle
        cx="12"
        cy="8"
        r="2"
      />
      <circle
        cx="16"
        cy="14"
        r="2"
      />
    </svg>
    <div
      class="MuiAutocomplete-root MuiAutocomplete-hasPopupIcon css-d8lkat-MuiAutocomplete-root"
    >
      <div
        class="MuiFormControl-root MuiFormControl-fullWidth MuiTextField-root css-1h75mgz-MuiFormControl-root-MuiTextField-root"
      >
        <div
          class="MuiInputBase-root MuiOutlinedInput-root MuiInputBase-colorPrimary MuiInputBase-fullWidth MuiInputBase-formControl MuiInputBase-sizeSmall MuiInputBase-adornedEnd MuiAutocomplete-inputRoot css-1n04w30-MuiInputBase-root-MuiOutlinedInput-root"
        >
          <input
            aria-autocomplete="list"
            aria-expanded="false"
            aria-invalid="false"
            autocapitalize="none"
            autocomplete="off"
            class="MuiInputBase-input MuiOutlinedInput-input MuiInputBase-inputSizeSmall MuiInputBase-inputAdornedEnd MuiAutocomplete-input MuiAutocomplete-inputFocused css-13meb6w-MuiInputBase-input-MuiOutlinedInput-input"
            id=":r0:"
            placeholder="Select Sprint"
            role="combobox"
            spellcheck="false"
            type="text"
            value="Sprint 1"
          />
          <div
            class="MuiAutocomplete-endAdornment css-1uhhrmm-MuiAutocomplete-endAdornment"
          >
            <button
              aria-label="Open"
              class="MuiButtonBase-root MuiIconButton-root MuiIconButton-sizeMedium MuiAutocomplete-popupIndicator css-2y136s-MuiButtonBase-root-MuiIconButton-root-MuiAutocomplete-popupIndicator"
              id=":r2:"
              tabindex="-1"
              title="Open"
              type="button"
            >
              <svg
                aria-hidden="true"
                class="MuiSvgIcon-root MuiSvgIcon-fontSizeMedium css-1umw9bq-MuiSvgIcon-root"
                data-testid="ArrowDropDownIcon"
                focusable="false"
                viewBox="0 0 24 24"
              >
                <path
                  d="M7 10l5 5 5-5z"
                />
              </svg>
            </button>
          </div>
          <fieldset
            aria-hidden="true"
            class="MuiOutlinedInput-notchedOutline css-1ll44ll-MuiOutlinedInput-notchedOutline"
          >
            <legend
              class="css-w4cd9x"
            >
              <span
                aria-hidden="true"
                class="notranslate"
              >
                â€‹
              </span>
            </legend>
          </fieldset>
        </div>
      </div>
    </div>
  </div>
</DocumentFragment>
`;
