// Jest Snapshot v1, https://goo.gl/fbAQLP

exports[`DeleteConfirmationModal match snapshot 1`] = `<DocumentFragment />`;
